{"logTime": "0828/090001", "correlationVector":"gscEupwT/nY1YIxIM3dqzf.1","action":"SyncServerConnectionManagerRequest", "result":"SYNC_SERVER_OK", "context":{"environment":"Prod_francecentral_prod-s01-062-eur-francecentral", "migrationStage":"NotStarted", "server":"akswtt11700000p"}}
{"logTime": "0828/090002", "correlationVector":"gscEupwT/nY1YIxIM3dqzf.2","action":"AAD.Mip.Unpack", "result":"Success", "context":MIP_CLOUD_COMMERCIAL:Success}
{"logTime": "0828/090002", "correlationVector":"gscEupwT/nY1YIxIM3dqzf.3","action":"EncryptionKeysManager::SetEncryptionKeys:", "result":"Success", "context":Key names[5]:[CPhRYlTMXywJEQr/MuAaoPAOlbt0Y18YqeuNLame22kldoetUpZRmVe2LlBr/kjpZfcgnNWdSkAQm36VFWEHHA==][birbNIddk5jCRTqV9+ImkTxTOELvAcFdqPWNUjtajEFKpyDa1m1sfrKhPTAv9BRdMA6IuvMd1VkcqLFR4mjUKA==][+YxUUJS89DSW/7MAxU4psjJh/8xktiollV9HsnprvC46Myt4HYDIRxw4g80IN8oq97acCOXmfJmMLBqwxabGsw==][sc02gIEmMKJUQ8YvF0ofozQtJ/Gq216cXmZnc3DStnjukVY7eBlV6DaJiS81CcOX//Dfoyqp0K2PhNO9la55Xw==][9f/hJAFOUk0oLoIKgZkXf8O1mR3UZH0SLP5OVlO7WnLzVgzyafq8++Uhk7yTqtjKI7/tOFNwcVOjg4kcRkwz3w==]}
{"logTime": "0828/090002", "correlationVector":"gscEupwT/nY1YIxIM3dqzf.4","action":"AAD.GetKeyResponse", "result":"Success", "context":Keys=5.LastKeyStatus=Active. 2026-06-10 15:45:01 +02.State=None. Tags: Current_encryption_keys_tag = VQ3vv70OJ++/vULvv73vv71677+9Te+/ve+/ve+/vToP1LDvv71R77+9KdOp77+9SFrvv70l77+9, Updated_current_encryption_keys_tag = Empty. Emails: ["matteo.deregnaucourt@impact-gr.com"]}
{"logTime": "0828/090002", "correlationVector":"gscEupwT/nY1YIxIM3dqzf.5","action":"ProcessGetUpdates", "result":"Done", "context":{"dataType":"Encryption Keys", "deleted":"0", "process_failed_to_decrypt":"0", "process_pending_decryption":"0", "process_success":"1", "total":"1"}}
{"logTime": "0828/090002", "correlationVector":"gscEupwT/nY1YIxIM3dqzf","action":"Initial GetUpdates", "result":"", "context":Reason: NEW_CLIENT. cV=gscEupwT/nY1YIxIM3dqzf}
{"logTime": "0828/090002", "correlationVector":"gscEupwT/nY1YIxIM3dqzf.6","action":"GetUpdates Response", "result":"Success", "context":Received 1 update(s). cV=gscEupwT/nY1YIxIM3dqzf.0;server=akswtt11700000p;cloudType=Multitenant;environment=Prod_francecentral_prod-s01-062-eur-francecentral;migrationStage=NotStarted}
{"logTime": "0828/090002", "correlationVector":"3p8xdrPAO350CP3x8f/bgX","action":"Initial GetUpdates", "result":"", "context":Reason: NEW_CLIENT. cV=3p8xdrPAO350CP3x8f/bgX}
{"logTime": "0828/090002", "correlationVector":"3p8xdrPAO350CP3x8f/bgX.1","action":"SyncServerConnectionManagerRequest", "result":"SYNC_SERVER_OK", "context":{"environment":"Prod_westeurope_prod-s01-079-eur-westeurope", "migrationStage":"NotStarted", "server":"akswtt00400001n"}}
{"logTime": "0828/090002", "correlationVector":"3p8xdrPAO350CP3x8f/bgX.2","action":"ProcessGetUpdates", "result":"Done", "context":{"dataType":"Passwords", "deleted":"0", "process_failed_to_decrypt":"0", "process_pending_decryption":"0", "process_success":"10", "total":"10"}}
{"logTime": "0828/090002", "correlationVector":"3p8xdrPAO350CP3x8f/bgX.3","action":"ProcessGetUpdates", "result":"Done", "context":{"dataType":"Device Info", "deleted":"0", "process_failed_to_decrypt":"0", "process_pending_decryption":"0", "process_success":"12", "total":"12"}}
{"logTime": "0828/090002", "correlationVector":"3p8xdrPAO350CP3x8f/bgX.4","action":"GetUpdates Response", "result":"Success", "context":Received 22 update(s). cV=3p8xdrPAO350CP3x8f/bgX.0;server=akswtt00400001n;cloudType=Multitenant;environment=Prod_westeurope_prod-s01-079-eur-westeurope;migrationStage=NotStarted}
{"logTime": "0828/090002", "correlationVector":"V+m9UmGaMb33uYXnicfwwr","action":"Initial GetUpdates", "result":"", "context":Reason: NEW_CLIENT. cV=V+m9UmGaMb33uYXnicfwwr}
{"logTime": "0828/090003", "correlationVector":"V+m9UmGaMb33uYXnicfwwr.1","action":"SyncServerConnectionManagerRequest", "result":"SYNC_SERVER_OK", "context":{"environment":"Prod_francecentral_prod-s01-062-eur-francecentral", "migrationStage":"NotStarted", "server":"akswtt11700000t"}}
{"logTime": "0828/090003", "correlationVector":"V+m9UmGaMb33uYXnicfwwr.2","action":"ProcessGetUpdates", "result":"Done", "context":{"dataType":"Bookmarks", "deleted":"0", "process_failed_to_decrypt":"0", "process_pending_decryption":"0", "process_success":"6", "total":"6"}}
{"logTime": "0828/090003", "correlationVector":"V+m9UmGaMb33uYXnicfwwr.3","action":"ProcessGetUpdates", "result":"Done", "context":{"dataType":"Preferences", "deleted":"0", "process_failed_to_decrypt":"0", "process_pending_decryption":"0", "process_success":"62", "total":"62"}}
{"logTime": "0828/090003", "correlationVector":"V+m9UmGaMb33uYXnicfwwr.4","action":"ProcessGetUpdates", "result":"Done", "context":{"dataType":"Autofill Profiles", "deleted":"0", "process_failed_to_decrypt":"0", "process_pending_decryption":"0", "process_success":"1", "total":"1"}}
{"logTime": "0828/090003", "correlationVector":"V+m9UmGaMb33uYXnicfwwr.5","action":"ProcessGetUpdates", "result":"Done", "context":{"dataType":"Autofill", "deleted":"0", "process_failed_to_decrypt":"0", "process_pending_decryption":"0", "process_success":"57", "total":"57"}}
{"logTime": "0828/090003", "correlationVector":"V+m9UmGaMb33uYXnicfwwr.6","action":"ProcessGetUpdates", "result":"Done", "context":{"dataType":"Sessions", "deleted":"0", "process_failed_to_decrypt":"0", "process_pending_decryption":"0", "process_success":"14", "total":"14"}}
{"logTime": "0828/090003", "correlationVector":"V+m9UmGaMb33uYXnicfwwr.7","action":"ProcessGetUpdates", "result":"Done", "context":{"dataType":"Edge Hub App Usage", "deleted":"0", "process_failed_to_decrypt":"0", "process_pending_decryption":"0", "process_success":"34", "total":"34"}}
{"logTime": "0828/090003", "correlationVector":"V+m9UmGaMb33uYXnicfwwr.8","action":"GetUpdates Response", "result":"Success", "context":Received 174 update(s). cV=V+m9UmGaMb33uYXnicfwwr.0;server=akswtt11700000t;cloudType=Multitenant;environment=Prod_francecentral_prod-s01-062-eur-francecentral;migrationStage=NotStarted}
{"logTime": "0828/090003", "correlationVector":"M2YAlva+iOpJ5F4wqS7UpI","action":"Initial GetUpdates", "result":"", "context":Reason: NEW_CLIENT. cV=M2YAlva+iOpJ5F4wqS7UpI}
{"logTime": "0828/090003", "correlationVector":"M2YAlva+iOpJ5F4wqS7UpI.1","action":"SyncServerConnectionManagerRequest", "result":"SYNC_SERVER_OK", "context":{"environment":"Prod_francecentral_prod-s01-062-eur-francecentral", "migrationStage":"NotStarted", "server":"akswtt117000007"}}
{"logTime": "0828/090003", "correlationVector":"M2YAlva+iOpJ5F4wqS7UpI.2","action":"ProcessGetUpdates", "result":"Done", "context":{"dataType":"History", "deleted":"0", "process_failed_to_decrypt":"0", "process_pending_decryption":"0", "process_success":"187", "total":"187"}}
{"logTime": "0828/090003", "correlationVector":"M2YAlva+iOpJ5F4wqS7UpI.3","action":"GetUpdates Response", "result":"Success", "context":Received 187 update(s). cV=M2YAlva+iOpJ5F4wqS7UpI.0;server=akswtt117000007;cloudType=Multitenant;environment=Prod_francecentral_prod-s01-062-eur-francecentral;migrationStage=NotStarted}
{"logTime": "0828/090003", "correlationVector":"vr0tUSnWHTWGWi9QwlIorr","action":"Normal GetUpdate request", "result":"", "context":cV=vr0tUSnWHTWGWi9QwlIorr
Nudged types: Sessions, Device Info, User Consents
Refresh requested types: Bookmarks, Preferences, Passwords, Autofill Profiles, Autofill, Extensions, Sessions, Extension settings, History Delete Directives, Device Info, User Consents, Send Tab To Self, Web Apps, History, Saved Tab Group, WebAuthn Credentials, Edge E Drop, Edge Hub App Usage, Edge Workspace, Encryption Keys}
{"logTime": "0828/090003", "correlationVector":"vr0tUSnWHTWGWi9QwlIorr.1","action":"SyncServerConnectionManagerRequest", "result":"SYNC_SERVER_OK", "context":{"environment":"Prod_westeurope_prod-s01-079-eur-westeurope", "migrationStage":"NotStarted", "server":"akswtt004000010"}}
{"logTime": "0828/090003", "correlationVector":"vr0tUSnWHTWGWi9QwlIorr.2","action":"GetUpdates Response", "result":"Success", "context":Received 0 update(s). cV=vr0tUSnWHTWGWi9QwlIorr.0;server=akswtt004000010;cloudType=Multitenant;environment=Prod_westeurope_prod-s01-079-eur-westeurope;migrationStage=NotStarted}
{"logTime": "0828/090003", "correlationVector":"RzLFkTP8dFONvqTHELL+sF","action":"DoCompareDataConsistency requsted types: ", "result":"Bookmarks, Preferences, Passwords, Extensions, Extension settings, History Delete Directives, Send Tab To Self, Web Apps, History, Saved Tab Group, WebAuthn Credentials, Edge E Drop, Edge Workspace, Encryption Keys"}
{"logTime": "0828/090003", "correlationVector":"RzLFkTP8dFONvqTHELL+sF.0","action":"CompareDataConsistency result: ", "result":"Compare result: Encryption Keys is consistent. local entities count is: 1 local entities hash is: quqVqUSsIIlHIUOeQoawbo1egGg="}
{"logTime": "0828/090003", "correlationVector":"RzLFkTP8dFONvqTHELL+sF.1","action":"CompareDataConsistency result: ", "result":"Compare result: Bookmarks is consistent. local entities count is: 0 local entities hash is: "}
{"logTime": "0828/090003", "correlationVector":"RzLFkTP8dFONvqTHELL+sF.2","action":"CompareDataConsistency result: ", "result":"Compare result: Preferences is consistent. local entities count is: 62 local entities hash is: Yl2Zb87vsKRCXr1sXyD1NkJFNfg="}
{"logTime": "0828/090003", "correlationVector":"RzLFkTP8dFONvqTHELL+sF.3","action":"CompareDataConsistency result: ", "result":"Compare result: Passwords is consistent. local entities count is: 10 local entities hash is: 7gxZtOSl5m1fLMqTlSILtSv2vT8="}
{"logTime": "0828/090003", "correlationVector":"RzLFkTP8dFONvqTHELL+sF.4","action":"CompareDataConsistency result: ", "result":"Compare result: Extensions is consistent. local entities count is: 0 local entities hash is: "}
{"logTime": "0828/090003", "correlationVector":"RzLFkTP8dFONvqTHELL+sF.5","action":"CompareDataConsistency result: ", "result":"Compare result: Extension settings is consistent. local entities count is: 0 local entities hash is: "}
{"logTime": "0828/090003", "correlationVector":"RzLFkTP8dFONvqTHELL+sF.6","action":"CompareDataConsistency result: ", "result":"Compare result: History Delete Directives is consistent. local entities count is: 0 local entities hash is: "}
{"logTime": "0828/090003", "correlationVector":"RzLFkTP8dFONvqTHELL+sF.7","action":"CompareDataConsistency result: ", "result":"Server did not send this Send Tab To Self local entities count is: 0 local entities hash is: "}
{"logTime": "0828/090003", "correlationVector":"RzLFkTP8dFONvqTHELL+sF.8","action":"CompareDataConsistency result: ", "result":"Compare result: Web Apps is consistent. local entities count is: 0 local entities hash is: "}
{"logTime": "0828/090003", "correlationVector":"RzLFkTP8dFONvqTHELL+sF.9","action":"CompareDataConsistency result: ", "result":"Server did not send this History local entities count is: 0 local entities hash is: "}
{"logTime": "0828/090003", "correlationVector":"RzLFkTP8dFONvqTHELL+sF.10","action":"CompareDataConsistency result: ", "result":"Compare result: Saved Tab Group is consistent. local entities count is: 0 local entities hash is: "}
{"logTime": "0828/090003", "correlationVector":"RzLFkTP8dFONvqTHELL+sF.11","action":"CompareDataConsistency result: ", "result":"Server did not send this WebAuthn Credentials local entities count is: 0 local entities hash is: "}
{"logTime": "0828/090003", "correlationVector":"RzLFkTP8dFONvqTHELL+sF.12","action":"CompareDataConsistency result: ", "result":"Compare result: Edge E Drop is consistent. local entities count is: 0 local entities hash is: "}
{"logTime": "0828/090003", "correlationVector":"RzLFkTP8dFONvqTHELL+sF.13","action":"CompareDataConsistency result: ", "result":"Server did not send this Edge Workspace local entities count is: 0 local entities hash is: "}
{"logTime": "0828/090003", "correlationVector":"OqMcr4NNFuOLMpMP8vr4SK","action":"Commit Request", "result":"", "context":Item count: 4
Contributing types: Sessions, Device Info, User Consents}
{"logTime": "0828/090003", "correlationVector":"OqMcr4NNFuOLMpMP8vr4SK.1","action":"SyncServerConnectionManagerRequest", "result":"SYNC_SERVER_OK", "context":{"environment":"Prod_westeurope_prod-s01-079-eur-westeurope", "migrationStage":"NotStarted", "server":"akswtt00400000q"}}
{"logTime": "0828/090003", "correlationVector":"OqMcr4NNFuOLMpMP8vr4SK.2","action":"Commit Response", "result":"Success", "context":Result: Success. cV=OqMcr4NNFuOLMpMP8vr4SK.0;server=akswtt00400000q;cloudType=Multitenant;environment=Prod_westeurope_prod-s01-079-eur-westeurope;migrationStage=NotStarted}
{"logTime": "0828/090003", "correlationVector":"","action":"DIAGNOSTIC_REQUEST|v1/diagnosticData/Diagnostic.SendCheckResult()|SUCCESS", "result":""}
{"logTime": "0828/090007", "correlationVector":"9UqtajBtAVh5zacQRjvUVN","action":"Commit Request", "result":"", "context":Item count: 1
Contributing types: Edge Hub App Usage}
{"logTime": "0828/090007", "correlationVector":"9UqtajBtAVh5zacQRjvUVN.1","action":"SyncServerConnectionManagerRequest", "result":"SYNC_SERVER_OK", "context":{"environment":"Prod_francecentral_prod-s01-062-eur-francecentral", "migrationStage":"NotStarted", "server":"akswtt117000000"}}
{"logTime": "0828/090007", "correlationVector":"9UqtajBtAVh5zacQRjvUVN.2","action":"Commit Response", "result":"Success", "context":Result: Success. cV=9UqtajBtAVh5zacQRjvUVN.0;server=akswtt117000000;cloudType=Multitenant;environment=Prod_francecentral_prod-s01-062-eur-francecentral;migrationStage=NotStarted}
{"logTime": "0828/090059", "correlationVector":"y9PAc7KZe9GBqd0RLMOotc","action":"Commit Request", "result":"", "context":Item count: 10
Contributing types: Passwords}
{"logTime": "0828/090059", "correlationVector":"y9PAc7KZe9GBqd0RLMOotc.1","action":"SyncServerConnectionManagerRequest", "result":"SYNC_SERVER_OK", "context":{"environment":"Prod_francecentral_prod-s01-062-eur-francecentral", "migrationStage":"NotStarted", "server":"akswtt11700005s"}}
{"logTime": "0828/090059", "correlationVector":"y9PAc7KZe9GBqd0RLMOotc.2","action":"Commit Response", "result":"Success", "context":Result: Success. cV=y9PAc7KZe9GBqd0RLMOotc.0;server=akswtt11700005s;cloudType=Multitenant;environment=Prod_francecentral_prod-s01-062-eur-francecentral;migrationStage=NotStarted}
{"logTime": "0828/090246", "correlationVector":"xATkRWt67EXEHLJZpVVlBL","action":"Commit Request", "result":"", "context":Item count: 4
Contributing types: Preferences, Sessions, History}
{"logTime": "0828/090247", "correlationVector":"xATkRWt67EXEHLJZpVVlBL.1","action":"SyncServerConnectionManagerRequest", "result":"SYNC_SERVER_OK", "context":{"environment":"Prod_westeurope_prod-s01-079-eur-westeurope", "migrationStage":"NotStarted", "server":"akswtt004000003"}}
{"logTime": "0828/090247", "correlationVector":"xATkRWt67EXEHLJZpVVlBL.2","action":"Commit Response", "result":"Success", "context":Result: Success. cV=xATkRWt67EXEHLJZpVVlBL.0;server=akswtt004000003;cloudType=Multitenant;environment=Prod_westeurope_prod-s01-079-eur-westeurope;migrationStage=NotStarted}
{"logTime": "0828/090252", "correlationVector":"XECGwLuN/I8AZtWZ051iI5","action":"Commit Request", "result":"", "context":Item count: 4
Contributing types: Preferences, Sessions, History}
{"logTime": "0828/090253", "correlationVector":"XECGwLuN/I8AZtWZ051iI5.1","action":"SyncServerConnectionManagerRequest", "result":"SYNC_SERVER_OK", "context":{"environment":"Prod_westeurope_prod-s01-079-eur-westeurope", "migrationStage":"NotStarted", "server":"akswtt004000018"}}
{"logTime": "0828/090253", "correlationVector":"XECGwLuN/I8AZtWZ051iI5.2","action":"Commit Response", "result":"Success", "context":Result: Success. cV=XECGwLuN/I8AZtWZ051iI5.0;server=akswtt004000018;cloudType=Multitenant;environment=Prod_westeurope_prod-s01-079-eur-westeurope;migrationStage=NotStarted}
{"logTime": "0828/090415", "correlationVector":"MefoI2WQfWuEb7Vx2zRief","action":"Commit Request", "result":"", "context":Item count: 5
Contributing types: Sessions, History}
{"logTime": "0828/090415", "correlationVector":"MefoI2WQfWuEb7Vx2zRief.1","action":"SyncServerConnectionManagerRequest", "result":"SYNC_SERVER_OK", "context":{"environment":"Prod_francecentral_prod-s01-062-eur-francecentral", "migrationStage":"NotStarted", "server":"akswtt11700005p"}}
{"logTime": "0828/090415", "correlationVector":"MefoI2WQfWuEb7Vx2zRief.2","action":"Commit Response", "result":"Success", "context":Result: Success. cV=MefoI2WQfWuEb7Vx2zRief.0;server=akswtt11700005p;cloudType=Multitenant;environment=Prod_francecentral_prod-s01-062-eur-francecentral;migrationStage=NotStarted}
