{"logTime": "0828/120930", "correlationVector":"cE3dZ9DyBbL4Z568csjJqH.1","action":"SyncServerConnectionManagerRequest", "result":"SYNC_SERVER_OK", "context":{"environment":"Prod_westeurope_prod-s01-079-eur-westeurope", "migrationStage":"NotStarted", "server":"akswtt004000015"}}
{"logTime": "0828/120931", "correlationVector":"cE3dZ9DyBbL4Z568csjJqH.2","action":"AAD.Mip.Unpack", "result":"Success", "context":MIP_CLOUD_COMMERCIAL:Success}
{"logTime": "0828/120931", "correlationVector":"cE3dZ9DyBbL4Z568csjJqH.3","action":"EncryptionKeysManager::SetEncryptionKeys:", "result":"Success", "context":Key names[5]:[CPhRYlTMXywJEQr/MuAaoPAOlbt0Y18YqeuNLame22kldoetUpZRmVe2LlBr/kjpZfcgnNWdSkAQm36VFWEHHA==][birbNIddk5jCRTqV9+ImkTxTOELvAcFdqPWNUjtajEFKpyDa1m1sfrKhPTAv9BRdMA6IuvMd1VkcqLFR4mjUKA==][+YxUUJS89DSW/7MAxU4psjJh/8xktiollV9HsnprvC46Myt4HYDIRxw4g80IN8oq97acCOXmfJmMLBqwxabGsw==][sc02gIEmMKJUQ8YvF0ofozQtJ/Gq216cXmZnc3DStnjukVY7eBlV6DaJiS81CcOX//Dfoyqp0K2PhNO9la55Xw==][9f/hJAFOUk0oLoIKgZkXf8O1mR3UZH0SLP5OVlO7WnLzVgzyafq8++Uhk7yTqtjKI7/tOFNwcVOjg4kcRkwz3w==]}
{"logTime": "0828/120931", "correlationVector":"cE3dZ9DyBbL4Z568csjJqH.4","action":"AAD.GetKeyResponse", "result":"Success", "context":Keys=5.LastKeyStatus=Active. 2026-06-10 15:45:01 +02.State=None. Tags: Current_encryption_keys_tag = VQ3vv70OJ++/vULvv73vv71677+9Te+/ve+/ve+/vToP1LDvv71R77+9KdOp77+9SFrvv70l77+9, Updated_current_encryption_keys_tag = Empty. Emails: ["matteo.deregnaucourt@impact-gr.com"]}
{"logTime": "0828/120931", "correlationVector":"cE3dZ9DyBbL4Z568csjJqH.5","action":"ProcessGetUpdates", "result":"Done", "context":{"dataType":"Encryption Keys", "deleted":"0", "process_failed_to_decrypt":"0", "process_pending_decryption":"0", "process_success":"1", "total":"1"}}
{"logTime": "0828/120931", "correlationVector":"cE3dZ9DyBbL4Z568csjJqH","action":"Initial GetUpdates", "result":"", "context":Reason: NEW_CLIENT. cV=cE3dZ9DyBbL4Z568csjJqH}
{"logTime": "0828/120931", "correlationVector":"cE3dZ9DyBbL4Z568csjJqH.6","action":"GetUpdates Response", "result":"Success", "context":Received 1 update(s). cV=cE3dZ9DyBbL4Z568csjJqH.0;server=akswtt004000015;cloudType=Multitenant;environment=Prod_westeurope_prod-s01-079-eur-westeurope;migrationStage=NotStarted}
{"logTime": "0828/120931", "correlationVector":"4u1WQxNo6BvpLrhqGYxi2B","action":"Initial GetUpdates", "result":"", "context":Reason: NEW_CLIENT. cV=4u1WQxNo6BvpLrhqGYxi2B}
{"logTime": "0828/120931", "correlationVector":"4u1WQxNo6BvpLrhqGYxi2B.1","action":"SyncServerConnectionManagerRequest", "result":"SYNC_SERVER_OK", "context":{"environment":"Prod_francecentral_prod-s01-062-eur-francecentral", "migrationStage":"NotStarted", "server":"akswtt11700000z"}}
{"logTime": "0828/120931", "correlationVector":"4u1WQxNo6BvpLrhqGYxi2B.2","action":"ProcessGetUpdates", "result":"Done", "context":{"dataType":"Passwords", "deleted":"0", "process_failed_to_decrypt":"0", "process_pending_decryption":"0", "process_success":"10", "total":"10"}}
{"logTime": "0828/120931", "correlationVector":"4u1WQxNo6BvpLrhqGYxi2B.3","action":"ProcessGetUpdates", "result":"Done", "context":{"dataType":"Device Info", "deleted":"0", "process_failed_to_decrypt":"0", "process_pending_decryption":"0", "process_success":"13", "total":"13"}}
{"logTime": "0828/120931", "correlationVector":"4u1WQxNo6BvpLrhqGYxi2B.4","action":"GetUpdates Response", "result":"Success", "context":Received 23 update(s). cV=4u1WQxNo6BvpLrhqGYxi2B.0;server=akswtt11700000z;cloudType=Multitenant;environment=Prod_francecentral_prod-s01-062-eur-francecentral;migrationStage=NotStarted}
{"logTime": "0828/120931", "correlationVector":"gtPQK9uDon3dUJ1kyT/lhZ","action":"Initial GetUpdates", "result":"", "context":Reason: NEW_CLIENT. cV=gtPQK9uDon3dUJ1kyT/lhZ}
{"logTime": "0828/120931", "correlationVector":"gtPQK9uDon3dUJ1kyT/lhZ.1","action":"SyncServerConnectionManagerRequest", "result":"SYNC_SERVER_OK", "context":{"environment":"Prod_francecentral_prod-s01-062-eur-francecentral", "migrationStage":"NotStarted", "server":"akswtt117000007"}}
{"logTime": "0828/120931", "correlationVector":"gtPQK9uDon3dUJ1kyT/lhZ.2","action":"ProcessGetUpdates", "result":"Done", "context":{"dataType":"Bookmarks", "deleted":"0", "process_failed_to_decrypt":"0", "process_pending_decryption":"0", "process_success":"6", "total":"6"}}
{"logTime": "0828/120931", "correlationVector":"gtPQK9uDon3dUJ1kyT/lhZ.3","action":"ProcessGetUpdates", "result":"Done", "context":{"dataType":"Preferences", "deleted":"0", "process_failed_to_decrypt":"0", "process_pending_decryption":"0", "process_success":"62", "total":"62"}}
{"logTime": "0828/120931", "correlationVector":"gtPQK9uDon3dUJ1kyT/lhZ.4","action":"ProcessGetUpdates", "result":"Done", "context":{"dataType":"Autofill Profiles", "deleted":"0", "process_failed_to_decrypt":"0", "process_pending_decryption":"0", "process_success":"1", "total":"1"}}
{"logTime": "0828/120931", "correlationVector":"gtPQK9uDon3dUJ1kyT/lhZ.5","action":"ProcessGetUpdates", "result":"Done", "context":{"dataType":"Autofill", "deleted":"0", "process_failed_to_decrypt":"0", "process_pending_decryption":"0", "process_success":"57", "total":"57"}}
{"logTime": "0828/120931", "correlationVector":"gtPQK9uDon3dUJ1kyT/lhZ.6","action":"ProcessGetUpdates", "result":"Done", "context":{"dataType":"Sessions", "deleted":"0", "process_failed_to_decrypt":"0", "process_pending_decryption":"0", "process_success":"16", "total":"16"}}
{"logTime": "0828/120931", "correlationVector":"gtPQK9uDon3dUJ1kyT/lhZ.7","action":"ProcessGetUpdates", "result":"Done", "context":{"dataType":"Edge Hub App Usage", "deleted":"0", "process_failed_to_decrypt":"0", "process_pending_decryption":"0", "process_success":"35", "total":"35"}}
{"logTime": "0828/120931", "correlationVector":"gtPQK9uDon3dUJ1kyT/lhZ.8","action":"GetUpdates Response", "result":"Success", "context":Received 177 update(s). cV=gtPQK9uDon3dUJ1kyT/lhZ.0;server=akswtt117000007;cloudType=Multitenant;environment=Prod_francecentral_prod-s01-062-eur-francecentral;migrationStage=NotStarted}
{"logTime": "0828/120931", "correlationVector":"xKlqmgx3UPsCqYyDn8q5Y+","action":"Initial GetUpdates", "result":"", "context":Reason: NEW_CLIENT. cV=xKlqmgx3UPsCqYyDn8q5Y+}
{"logTime": "0828/120932", "correlationVector":"xKlqmgx3UPsCqYyDn8q5Y+.1","action":"SyncServerConnectionManagerRequest", "result":"SYNC_SERVER_OK", "context":{"environment":"Prod_francecentral_prod-s01-062-eur-francecentral", "migrationStage":"NotStarted", "server":"akswtt117000003"}}
{"logTime": "0828/120932", "correlationVector":"xKlqmgx3UPsCqYyDn8q5Y+.2","action":"ProcessGetUpdates", "result":"Done", "context":{"dataType":"History", "deleted":"0", "process_failed_to_decrypt":"0", "process_pending_decryption":"0", "process_success":"199", "total":"199"}}
{"logTime": "0828/120932", "correlationVector":"xKlqmgx3UPsCqYyDn8q5Y+.3","action":"GetUpdates Response", "result":"Success", "context":Received 199 update(s). cV=xKlqmgx3UPsCqYyDn8q5Y+.0;server=akswtt117000003;cloudType=Multitenant;environment=Prod_francecentral_prod-s01-062-eur-francecentral;migrationStage=NotStarted}
{"logTime": "0828/120932", "correlationVector":"ZdxyFU7/k4ZSfbbc7MQIbr","action":"Normal GetUpdate request", "result":"", "context":cV=ZdxyFU7/k4ZSfbbc7MQIbr
Nudged types: Sessions, Device Info, User Consents
Refresh requested types: Bookmarks, Preferences, Passwords, Autofill Profiles, Autofill, Extensions, Sessions, Extension settings, History Delete Directives, Device Info, User Consents, Send Tab To Self, Web Apps, History, Saved Tab Group, WebAuthn Credentials, Edge E Drop, Edge Hub App Usage, Edge Workspace, Encryption Keys}
{"logTime": "0828/120932", "correlationVector":"ZdxyFU7/k4ZSfbbc7MQIbr.1","action":"SyncServerConnectionManagerRequest", "result":"SYNC_SERVER_OK", "context":{"environment":"Prod_francecentral_prod-s01-062-eur-francecentral", "migrationStage":"NotStarted", "server":"akswtt11700005u"}}
{"logTime": "0828/120932", "correlationVector":"ZdxyFU7/k4ZSfbbc7MQIbr.2","action":"GetUpdates Response", "result":"Success", "context":Received 0 update(s). cV=ZdxyFU7/k4ZSfbbc7MQIbr.0;server=akswtt11700005u;cloudType=Multitenant;environment=Prod_francecentral_prod-s01-062-eur-francecentral;migrationStage=NotStarted}
{"logTime": "0828/120932", "correlationVector":"NBWakrgsyoTagE+1gJqOdU","action":"DoCompareDataConsistency requsted types: ", "result":"Bookmarks, Preferences, Passwords, Extensions, Extension settings, History Delete Directives, Send Tab To Self, Web Apps, History, Saved Tab Group, WebAuthn Credentials, Edge E Drop, Edge Workspace, Encryption Keys"}
{"logTime": "0828/120932", "correlationVector":"NBWakrgsyoTagE+1gJqOdU.0","action":"CompareDataConsistency result: ", "result":"Compare result: Encryption Keys is consistent. local entities count is: 1 local entities hash is: quqVqUSsIIlHIUOeQoawbo1egGg="}
{"logTime": "0828/120932", "correlationVector":"NBWakrgsyoTagE+1gJqOdU.1","action":"CompareDataConsistency result: ", "result":"Compare result: Bookmarks is consistent. local entities count is: 0 local entities hash is: "}
{"logTime": "0828/120932", "correlationVector":"NBWakrgsyoTagE+1gJqOdU.2","action":"CompareDataConsistency result: ", "result":"Compare result: Preferences is consistent. local entities count is: 62 local entities hash is: dx00/c35hzpgN/DUgPVIba0rVCg="}
{"logTime": "0828/120932", "correlationVector":"NBWakrgsyoTagE+1gJqOdU.3","action":"CompareDataConsistency result: ", "result":"Compare result: Passwords is consistent. local entities count is: 10 local entities hash is: lLIcyrth5ggRrV2UHRF9nbYiCnk="}
{"logTime": "0828/120932", "correlationVector":"NBWakrgsyoTagE+1gJqOdU.4","action":"CompareDataConsistency result: ", "result":"Compare result: Extensions is consistent. local entities count is: 0 local entities hash is: "}
{"logTime": "0828/120932", "correlationVector":"NBWakrgsyoTagE+1gJqOdU.5","action":"CompareDataConsistency result: ", "result":"Compare result: Extension settings is consistent. local entities count is: 0 local entities hash is: "}
{"logTime": "0828/120932", "correlationVector":"NBWakrgsyoTagE+1gJqOdU.6","action":"CompareDataConsistency result: ", "result":"Compare result: History Delete Directives is consistent. local entities count is: 0 local entities hash is: "}
{"logTime": "0828/120932", "correlationVector":"NBWakrgsyoTagE+1gJqOdU.7","action":"CompareDataConsistency result: ", "result":"Server did not send this Send Tab To Self local entities count is: 0 local entities hash is: "}
{"logTime": "0828/120932", "correlationVector":"NBWakrgsyoTagE+1gJqOdU.8","action":"CompareDataConsistency result: ", "result":"Compare result: Web Apps is consistent. local entities count is: 0 local entities hash is: "}
{"logTime": "0828/120932", "correlationVector":"NBWakrgsyoTagE+1gJqOdU.9","action":"CompareDataConsistency result: ", "result":"Server did not send this History local entities count is: 0 local entities hash is: "}
{"logTime": "0828/120932", "correlationVector":"NBWakrgsyoTagE+1gJqOdU.10","action":"CompareDataConsistency result: ", "result":"Compare result: Saved Tab Group is consistent. local entities count is: 0 local entities hash is: "}
{"logTime": "0828/120932", "correlationVector":"NBWakrgsyoTagE+1gJqOdU.11","action":"CompareDataConsistency result: ", "result":"Server did not send this WebAuthn Credentials local entities count is: 0 local entities hash is: "}
{"logTime": "0828/120932", "correlationVector":"NBWakrgsyoTagE+1gJqOdU.12","action":"CompareDataConsistency result: ", "result":"Compare result: Edge E Drop is consistent. local entities count is: 0 local entities hash is: "}
{"logTime": "0828/120932", "correlationVector":"NBWakrgsyoTagE+1gJqOdU.13","action":"CompareDataConsistency result: ", "result":"Server did not send this Edge Workspace local entities count is: 0 local entities hash is: "}
{"logTime": "0828/120932", "correlationVector":"N3UmduWtw1JLsKMCT4ysqQ","action":"Commit Request", "result":"", "context":Item count: 4
Contributing types: Sessions, Device Info, User Consents}
{"logTime": "0828/120932", "correlationVector":"N3UmduWtw1JLsKMCT4ysqQ.1","action":"SyncServerConnectionManagerRequest", "result":"SYNC_SERVER_OK", "context":{"environment":"Prod_francecentral_prod-s01-062-eur-francecentral", "migrationStage":"NotStarted", "server":"akswtt11700000a"}}
{"logTime": "0828/120932", "correlationVector":"N3UmduWtw1JLsKMCT4ysqQ.2","action":"Commit Response", "result":"Success", "context":Result: Success. cV=N3UmduWtw1JLsKMCT4ysqQ.0;server=akswtt11700000a;cloudType=Multitenant;environment=Prod_francecentral_prod-s01-062-eur-francecentral;migrationStage=NotStarted}
{"logTime": "0828/120932", "correlationVector":"","action":"DIAGNOSTIC_REQUEST|v1/diagnosticData/Diagnostic.SendCheckResult()|SUCCESS", "result":""}
{"logTime": "0828/121025", "correlationVector":"zqB0QyCLoJTjLs86zgi905","action":"Commit Request", "result":"", "context":Item count: 4
Contributing types: Preferences, Sessions, History}
{"logTime": "0828/121025", "correlationVector":"zqB0QyCLoJTjLs86zgi905.1","action":"SyncServerConnectionManagerRequest", "result":"SYNC_SERVER_OK", "context":{"environment":"Prod_germanywestcentral_prod-s01-010-eur-germanywestcentral", "migrationStage":"NotStarted", "server":"akswtt004000007"}}
{"logTime": "0828/121025", "correlationVector":"zqB0QyCLoJTjLs86zgi905.2","action":"Commit Response", "result":"Success", "context":Result: Success. cV=zqB0QyCLoJTjLs86zgi905.0;server=akswtt004000007;cloudType=Multitenant;environment=Prod_germanywestcentral_prod-s01-010-eur-germanywestcentral;migrationStage=NotStarted}
{"logTime": "0828/121026", "correlationVector":"k4NyQQ8IFZkyblSlhuaTV/","action":"Commit Request", "result":"", "context":Item count: 10
Contributing types: Passwords}
{"logTime": "0828/121027", "correlationVector":"k4NyQQ8IFZkyblSlhuaTV/.1","action":"SyncServerConnectionManagerRequest", "result":"SYNC_SERVER_OK", "context":{"environment":"Prod_francecentral_prod-s01-062-eur-francecentral", "migrationStage":"NotStarted", "server":"akswtt11700005t"}}
{"logTime": "0828/121027", "correlationVector":"k4NyQQ8IFZkyblSlhuaTV/.2","action":"Commit Response", "result":"Success", "context":Result: Success. cV=k4NyQQ8IFZkyblSlhuaTV/.0;server=akswtt11700005t;cloudType=Multitenant;environment=Prod_francecentral_prod-s01-062-eur-francecentral;migrationStage=NotStarted}
