{"logTime": "0828/080035", "correlationVector":"C3acPk9m0ZWClN5hH97qK1.1","action":"SyncServerConnectionManagerRequest", "result":"SYNC_SERVER_OK", "context":{"environment":"Prod_francecentral_prod-s01-062-eur-francecentral", "migrationStage":"NotStarted", "server":"akswtt11700000h"}}
{"logTime": "0828/080036", "correlationVector":"C3acPk9m0ZWClN5hH97qK1.2","action":"AAD.Mip.Unpack", "result":"Success", "context":MIP_CLOUD_COMMERCIAL:Success}
{"logTime": "0828/080036", "correlationVector":"C3acPk9m0ZWClN5hH97qK1.3","action":"EncryptionKeysManager::SetEncryptionKeys:", "result":"Success", "context":Key names[5]:[CPhRYlTMXywJEQr/MuAaoPAOlbt0Y18YqeuNLame22kldoetUpZRmVe2LlBr/kjpZfcgnNWdSkAQm36VFWEHHA==][birbNIddk5jCRTqV9+ImkTxTOELvAcFdqPWNUjtajEFKpyDa1m1sfrKhPTAv9BRdMA6IuvMd1VkcqLFR4mjUKA==][+YxUUJS89DSW/7MAxU4psjJh/8xktiollV9HsnprvC46Myt4HYDIRxw4g80IN8oq97acCOXmfJmMLBqwxabGsw==][sc02gIEmMKJUQ8YvF0ofozQtJ/Gq216cXmZnc3DStnjukVY7eBlV6DaJiS81CcOX//Dfoyqp0K2PhNO9la55Xw==][9f/hJAFOUk0oLoIKgZkXf8O1mR3UZH0SLP5OVlO7WnLzVgzyafq8++Uhk7yTqtjKI7/tOFNwcVOjg4kcRkwz3w==]}
{"logTime": "0828/080036", "correlationVector":"C3acPk9m0ZWClN5hH97qK1.4","action":"AAD.GetKeyResponse", "result":"Success", "context":Keys=5.LastKeyStatus=Active. 2026-06-10 15:45:01 +02.State=None. Tags: Current_encryption_keys_tag = VQ3vv70OJ++/vULvv73vv71677+9Te+/ve+/ve+/vToP1LDvv71R77+9KdOp77+9SFrvv70l77+9, Updated_current_encryption_keys_tag = Empty. Emails: ["matteo.deregnaucourt@impact-gr.com"]}
{"logTime": "0828/080036", "correlationVector":"C3acPk9m0ZWClN5hH97qK1.5","action":"ProcessGetUpdates", "result":"Done", "context":{"dataType":"Encryption Keys", "deleted":"0", "process_failed_to_decrypt":"0", "process_pending_decryption":"0", "process_success":"1", "total":"1"}}
{"logTime": "0828/080036", "correlationVector":"C3acPk9m0ZWClN5hH97qK1","action":"Initial GetUpdates", "result":"", "context":Reason: NEW_CLIENT. cV=C3acPk9m0ZWClN5hH97qK1}
{"logTime": "0828/080036", "correlationVector":"C3acPk9m0ZWClN5hH97qK1.6","action":"GetUpdates Response", "result":"Success", "context":Received 1 update(s). cV=C3acPk9m0ZWClN5hH97qK1.0;server=akswtt11700000h;cloudType=Multitenant;environment=Prod_francecentral_prod-s01-062-eur-francecentral;migrationStage=NotStarted}
{"logTime": "0828/080036", "correlationVector":"0Qgq6Rs/VEFpChHLD4jC60","action":"Initial GetUpdates", "result":"", "context":Reason: NEW_CLIENT. cV=0Qgq6Rs/VEFpChHLD4jC60}
{"logTime": "0828/080036", "correlationVector":"0Qgq6Rs/VEFpChHLD4jC60.1","action":"SyncServerConnectionManagerRequest", "result":"SYNC_SERVER_OK", "context":{"environment":"Prod_germanywestcentral_prod-s01-010-eur-germanywestcentral", "migrationStage":"NotStarted", "server":"akswtt00400000q"}}
{"logTime": "0828/080036", "correlationVector":"0Qgq6Rs/VEFpChHLD4jC60.2","action":"ProcessGetUpdates", "result":"Done", "context":{"dataType":"Passwords", "deleted":"0", "process_failed_to_decrypt":"0", "process_pending_decryption":"0", "process_success":"10", "total":"10"}}
{"logTime": "0828/080036", "correlationVector":"0Qgq6Rs/VEFpChHLD4jC60.3","action":"ProcessGetUpdates", "result":"Done", "context":{"dataType":"Device Info", "deleted":"0", "process_failed_to_decrypt":"0", "process_pending_decryption":"0", "process_success":"10", "total":"10"}}
{"logTime": "0828/080036", "correlationVector":"0Qgq6Rs/VEFpChHLD4jC60.4","action":"GetUpdates Response", "result":"Success", "context":Received 20 update(s). cV=0Qgq6Rs/VEFpChHLD4jC60.0;server=akswtt00400000q;cloudType=Multitenant;environment=Prod_germanywestcentral_prod-s01-010-eur-germanywestcentral;migrationStage=NotStarted}
{"logTime": "0828/080036", "correlationVector":"0e0paqyPuq+QOR9McK0wnJ","action":"Initial GetUpdates", "result":"", "context":Reason: NEW_CLIENT. cV=0e0paqyPuq+QOR9McK0wnJ}
{"logTime": "0828/080036", "correlationVector":"0e0paqyPuq+QOR9McK0wnJ.1","action":"SyncServerConnectionManagerRequest", "result":"SYNC_SERVER_OK", "context":{"environment":"Prod_francecentral_prod-s01-062-eur-francecentral", "migrationStage":"NotStarted", "server":"akswtt11700000s"}}
{"logTime": "0828/080036", "correlationVector":"0e0paqyPuq+QOR9McK0wnJ.2","action":"ProcessGetUpdates", "result":"Done", "context":{"dataType":"Bookmarks", "deleted":"0", "process_failed_to_decrypt":"0", "process_pending_decryption":"0", "process_success":"6", "total":"6"}}
{"logTime": "0828/080036", "correlationVector":"0e0paqyPuq+QOR9McK0wnJ.3","action":"ProcessGetUpdates", "result":"Done", "context":{"dataType":"Preferences", "deleted":"0", "process_failed_to_decrypt":"0", "process_pending_decryption":"0", "process_success":"62", "total":"62"}}
{"logTime": "0828/080036", "correlationVector":"0e0paqyPuq+QOR9McK0wnJ.4","action":"ProcessGetUpdates", "result":"Done", "context":{"dataType":"Autofill Profiles", "deleted":"0", "process_failed_to_decrypt":"0", "process_pending_decryption":"0", "process_success":"1", "total":"1"}}
{"logTime": "0828/080036", "correlationVector":"0e0paqyPuq+QOR9McK0wnJ.5","action":"ProcessGetUpdates", "result":"Done", "context":{"dataType":"Autofill", "deleted":"0", "process_failed_to_decrypt":"0", "process_pending_decryption":"0", "process_success":"57", "total":"57"}}
{"logTime": "0828/080036", "correlationVector":"0e0paqyPuq+QOR9McK0wnJ.6","action":"ProcessGetUpdates", "result":"Done", "context":{"dataType":"Sessions", "deleted":"0", "process_failed_to_decrypt":"0", "process_pending_decryption":"0", "process_success":"8", "total":"8"}}
{"logTime": "0828/080036", "correlationVector":"0e0paqyPuq+QOR9McK0wnJ.7","action":"ProcessGetUpdates", "result":"Done", "context":{"dataType":"Edge Hub App Usage", "deleted":"0", "process_failed_to_decrypt":"0", "process_pending_decryption":"0", "process_success":"32", "total":"32"}}
{"logTime": "0828/080036", "correlationVector":"0e0paqyPuq+QOR9McK0wnJ.8","action":"GetUpdates Response", "result":"Success", "context":Received 166 update(s). cV=0e0paqyPuq+QOR9McK0wnJ.0;server=akswtt11700000s;cloudType=Multitenant;environment=Prod_francecentral_prod-s01-062-eur-francecentral;migrationStage=NotStarted}
{"logTime": "0828/080036", "correlationVector":"XXm17CKr24YcbB1KVoUbXb","action":"Initial GetUpdates", "result":"", "context":Reason: NEW_CLIENT. cV=XXm17CKr24YcbB1KVoUbXb}
{"logTime": "0828/080036", "correlationVector":"XXm17CKr24YcbB1KVoUbXb.1","action":"SyncServerConnectionManagerRequest", "result":"SYNC_SERVER_OK", "context":{"environment":"Prod_francecentral_prod-s01-062-eur-francecentral", "migrationStage":"NotStarted", "server":"akswtt11700000v"}}
{"logTime": "0828/080036", "correlationVector":"XXm17CKr24YcbB1KVoUbXb.2","action":"ProcessGetUpdates", "result":"Done", "context":{"dataType":"History", "deleted":"0", "process_failed_to_decrypt":"0", "process_pending_decryption":"0", "process_success":"182", "total":"182"}}
{"logTime": "0828/080036", "correlationVector":"XXm17CKr24YcbB1KVoUbXb.3","action":"GetUpdates Response", "result":"Success", "context":Received 182 update(s). cV=XXm17CKr24YcbB1KVoUbXb.0;server=akswtt11700000v;cloudType=Multitenant;environment=Prod_francecentral_prod-s01-062-eur-francecentral;migrationStage=NotStarted}
{"logTime": "0828/080036", "correlationVector":"fz0++6Y1Hbx1QtDd0hPOo9","action":"Normal GetUpdate request", "result":"", "context":cV=fz0++6Y1Hbx1QtDd0hPOo9
Nudged types: Sessions, Device Info, User Consents
Refresh requested types: Bookmarks, Preferences, Passwords, Autofill Profiles, Autofill, Extensions, Sessions, Extension settings, History Delete Directives, Device Info, User Consents, Send Tab To Self, Web Apps, History, Saved Tab Group, WebAuthn Credentials, Edge E Drop, Edge Hub App Usage, Edge Workspace, Encryption Keys}
{"logTime": "0828/080037", "correlationVector":"fz0++6Y1Hbx1QtDd0hPOo9.1","action":"SyncServerConnectionManagerRequest", "result":"SYNC_SERVER_OK", "context":{"environment":"Prod_francecentral_prod-s01-062-eur-francecentral", "migrationStage":"NotStarted", "server":"akswtt11700005u"}}
{"logTime": "0828/080037", "correlationVector":"fz0++6Y1Hbx1QtDd0hPOo9.2","action":"GetUpdates Response", "result":"Success", "context":Received 0 update(s). cV=fz0++6Y1Hbx1QtDd0hPOo9.0;server=akswtt11700005u;cloudType=Multitenant;environment=Prod_francecentral_prod-s01-062-eur-francecentral;migrationStage=NotStarted}
{"logTime": "0828/080037", "correlationVector":"B3JMcDBtXu7a6SDs0oyKwr","action":"DoCompareDataConsistency requsted types: ", "result":"Bookmarks, Preferences, Passwords, Extensions, Extension settings, History Delete Directives, Send Tab To Self, Web Apps, History, Saved Tab Group, WebAuthn Credentials, Edge E Drop, Edge Workspace, Encryption Keys"}
{"logTime": "0828/080037", "correlationVector":"B3JMcDBtXu7a6SDs0oyKwr.0","action":"CompareDataConsistency result: ", "result":"Compare result: Encryption Keys is consistent. local entities count is: 1 local entities hash is: quqVqUSsIIlHIUOeQoawbo1egGg="}
{"logTime": "0828/080037", "correlationVector":"B3JMcDBtXu7a6SDs0oyKwr.1","action":"CompareDataConsistency result: ", "result":"Compare result: Bookmarks is consistent. local entities count is: 0 local entities hash is: "}
{"logTime": "0828/080037", "correlationVector":"B3JMcDBtXu7a6SDs0oyKwr.2","action":"CompareDataConsistency result: ", "result":"Compare result: Preferences is consistent. local entities count is: 62 local entities hash is: Yl2Zb87vsKRCXr1sXyD1NkJFNfg="}
{"logTime": "0828/080037", "correlationVector":"B3JMcDBtXu7a6SDs0oyKwr.3","action":"CompareDataConsistency result: ", "result":"Compare result: Passwords is consistent. local entities count is: 10 local entities hash is: 1l1i3uQaSFMfctqdw+rV/ktcW0U="}
{"logTime": "0828/080037", "correlationVector":"B3JMcDBtXu7a6SDs0oyKwr.4","action":"CompareDataConsistency result: ", "result":"Compare result: Extensions is consistent. local entities count is: 0 local entities hash is: "}
{"logTime": "0828/080037", "correlationVector":"B3JMcDBtXu7a6SDs0oyKwr.5","action":"CompareDataConsistency result: ", "result":"Compare result: Extension settings is consistent. local entities count is: 0 local entities hash is: "}
{"logTime": "0828/080037", "correlationVector":"B3JMcDBtXu7a6SDs0oyKwr.6","action":"CompareDataConsistency result: ", "result":"Compare result: History Delete Directives is consistent. local entities count is: 0 local entities hash is: "}
{"logTime": "0828/080037", "correlationVector":"B3JMcDBtXu7a6SDs0oyKwr.7","action":"CompareDataConsistency result: ", "result":"Server did not send this Send Tab To Self local entities count is: 0 local entities hash is: "}
{"logTime": "0828/080037", "correlationVector":"B3JMcDBtXu7a6SDs0oyKwr.8","action":"CompareDataConsistency result: ", "result":"Compare result: Web Apps is consistent. local entities count is: 0 local entities hash is: "}
{"logTime": "0828/080037", "correlationVector":"B3JMcDBtXu7a6SDs0oyKwr.9","action":"CompareDataConsistency result: ", "result":"Server did not send this History local entities count is: 0 local entities hash is: "}
{"logTime": "0828/080037", "correlationVector":"B3JMcDBtXu7a6SDs0oyKwr.10","action":"CompareDataConsistency result: ", "result":"Compare result: Saved Tab Group is consistent. local entities count is: 0 local entities hash is: "}
{"logTime": "0828/080037", "correlationVector":"B3JMcDBtXu7a6SDs0oyKwr.11","action":"CompareDataConsistency result: ", "result":"Server did not send this WebAuthn Credentials local entities count is: 0 local entities hash is: "}
{"logTime": "0828/080037", "correlationVector":"B3JMcDBtXu7a6SDs0oyKwr.12","action":"CompareDataConsistency result: ", "result":"Compare result: Edge E Drop is consistent. local entities count is: 0 local entities hash is: "}
{"logTime": "0828/080037", "correlationVector":"B3JMcDBtXu7a6SDs0oyKwr.13","action":"CompareDataConsistency result: ", "result":"Server did not send this Edge Workspace local entities count is: 0 local entities hash is: "}
{"logTime": "0828/080037", "correlationVector":"cqGbCfH2fxx53X6VXfwn7y","action":"Commit Request", "result":"", "context":Item count: 4
Contributing types: Sessions, Device Info, User Consents}
{"logTime": "0828/080037", "correlationVector":"cqGbCfH2fxx53X6VXfwn7y.1","action":"SyncServerConnectionManagerRequest", "result":"SYNC_SERVER_OK", "context":{"environment":"Prod_francecentral_prod-s01-062-eur-francecentral", "migrationStage":"NotStarted", "server":"akswtt11700000d"}}
{"logTime": "0828/080037", "correlationVector":"cqGbCfH2fxx53X6VXfwn7y.2","action":"Commit Response", "result":"Success", "context":Result: Success. cV=cqGbCfH2fxx53X6VXfwn7y.0;server=akswtt11700000d;cloudType=Multitenant;environment=Prod_francecentral_prod-s01-062-eur-francecentral;migrationStage=NotStarted}
{"logTime": "0828/080037", "correlationVector":"","action":"DIAGNOSTIC_REQUEST|v1/diagnosticData/Diagnostic.SendCheckResult()|SUCCESS", "result":""}
{"logTime": "0828/080043", "correlationVector":"qL3/EANoPmnSkQMGdMcJPF","action":"Commit Request", "result":"", "context":Item count: 2
Contributing types: History, Edge Hub App Usage}
{"logTime": "0828/080044", "correlationVector":"qL3/EANoPmnSkQMGdMcJPF.1","action":"SyncServerConnectionManagerRequest", "result":"SYNC_SERVER_OK", "context":{"environment":"Prod_westeurope_prod-s01-080-eur-westeurope", "migrationStage":"NotStarted", "server":"akswtt00400000a"}}
{"logTime": "0828/080044", "correlationVector":"qL3/EANoPmnSkQMGdMcJPF.2","action":"Commit Response", "result":"Success", "context":Result: Success. cV=qL3/EANoPmnSkQMGdMcJPF.0;server=akswtt00400000a;cloudType=Multitenant;environment=Prod_westeurope_prod-s01-080-eur-westeurope;migrationStage=NotStarted}
{"logTime": "0828/080135", "correlationVector":"DXUUGtE5zIJvz04gbg9FOz","action":"Commit Request", "result":"", "context":Item count: 14
Contributing types: Passwords, Sessions, History}
{"logTime": "0828/080136", "correlationVector":"DXUUGtE5zIJvz04gbg9FOz.1","action":"SyncServerConnectionManagerRequest", "result":"SYNC_SERVER_OK", "context":{"environment":"Prod_westeurope_prod-s01-080-eur-westeurope", "migrationStage":"NotStarted", "server":"akswtt00400000a"}}
{"logTime": "0828/080136", "correlationVector":"DXUUGtE5zIJvz04gbg9FOz.2","action":"Commit Response", "result":"Success", "context":Result: Success. cV=DXUUGtE5zIJvz04gbg9FOz.0;server=akswtt00400000a;cloudType=Multitenant;environment=Prod_westeurope_prod-s01-080-eur-westeurope;migrationStage=NotStarted}
