2026-08-28 12:31:32.215: [INFO] CurrentProfilePath: C:\wamp64\www\test\.edge-site-upgrades\Default
2026-08-28 12:31:32.215: [INFO] Profiles total count: 1
2026-08-28 12:31:32.215: [INFO] Profile: name=Profil 1 path=C:\wamp64\www\test\.edge-site-upgrades\Default lastActive=null
2026-08-28 12:31:32.215: [INFO] LastUsedProfileDir: C:\wamp64\www\test\.edge-site-upgrades\Default
2026-08-28 12:31:32.215: [INFO] VisibilityChanged: 0
2026-08-28 12:31:32.234: [INFO] RecordSyncInitDuration has_sync_been_enabled: 0 state: 0
2026-08-28 12:31:32.235: [INFO] RecordSyncInitDuration has_sync_been_enabled: 0 state: 0
2026-08-28 12:31:32.235: [INFO] RecordSyncInitDuration has_sync_been_enabled: 0 state: 0
2026-08-28 12:31:32.236: [INFO] RecordSyncInitDuration has_sync_been_enabled: 0 state: 0
2026-08-28 12:31:32.237: [INFO] RecordSyncInitDuration has_sync_been_enabled: 0 state: 0
2026-08-28 12:31:32.238: [INFO] RecordSyncInitDuration has_sync_been_enabled: 0 state: 0
2026-08-28 12:31:32.239: [INFO] RecordSyncInitDuration has_sync_been_enabled: 0 state: 0
2026-08-28 12:31:32.240: [INFO] RecordSyncInitDuration has_sync_been_enabled: 0 state: 0
2026-08-28 12:31:32.240: [INFO] RecordSyncInitDuration has_sync_been_enabled: 0 state: 0
2026-08-28 12:31:32.241: [INFO] RecordSyncInitDuration has_sync_been_enabled: 0 state: 0
2026-08-28 12:31:32.257: [INFO] OnDoneLoading sync enabled: 0
2026-08-28 12:31:32.257: [INFO] BookmarkModelLoaded, ids_reassigned: 0
2026-08-28 12:31:32.257: [INFO] BookmarksLoadDropped droppedNodes=0
2026-08-28 12:31:32.257: [INFO] BookmarksSnapshot Startup total=0 bar=0 other=0 mobile=0 showBar=0 showBarNTP=1
2026-08-28 12:31:32.259: [INFO] RecordSyncInitDuration has_sync_been_enabled: 0 state: 0
2026-08-28 12:31:32.361: [INFO] RecordSyncInitDuration has_sync_been_enabled: 0 state: 0
2026-08-28 12:31:32.372: [INFO] RecordSyncInitDuration has_sync_been_enabled: 0 state: 3
2026-08-28 12:31:32.378: [INFO] Primary account changed.
2026-08-28 12:31:32.378: [INFO] OnPrimaryAccountChanged PrimaryAccountChangeEvent::Type::kSet
2026-08-28 12:31:32.382: [INFO] RecordSyncInitDuration has_sync_been_enabled: 0 state: 3
2026-08-28 12:31:32.409: [INFO] RecordSyncInitDuration has_sync_been_enabled: 0 state: 3
2026-08-28 12:31:32.746: [INFO] RecordSyncInitDuration has_sync_been_enabled: 0 state: 3
2026-08-28 12:31:34.312: [INFO] Sync initialization duration: 790ms
