2026-08-28 08:38:19.414: [INFO] CurrentProfilePath: C:\wamp64\www\test\.tmp-race-cdp-profile\Default
2026-08-28 08:38:19.414: [INFO] Profiles total count: 1
2026-08-28 08:38:19.414: [INFO] Profile: name=Profil 1 path=C:\wamp64\www\test\.tmp-race-cdp-profile\Default lastActive=null
2026-08-28 08:38:19.414: [INFO] LastUsedProfileDir: C:\wamp64\www\test\.tmp-race-cdp-profile\Default
2026-08-28 08:38:19.414: [INFO] VisibilityChanged: 0
2026-08-28 08:38:19.428: [INFO] RecordSyncInitDuration has_sync_been_enabled: 0 state: 0
2026-08-28 08:38:19.429: [INFO] RecordSyncInitDuration has_sync_been_enabled: 0 state: 0
2026-08-28 08:38:19.429: [INFO] RecordSyncInitDuration has_sync_been_enabled: 0 state: 0
2026-08-28 08:38:19.430: [INFO] RecordSyncInitDuration has_sync_been_enabled: 0 state: 0
2026-08-28 08:38:19.430: [INFO] RecordSyncInitDuration has_sync_been_enabled: 0 state: 0
2026-08-28 08:38:19.431: [INFO] RecordSyncInitDuration has_sync_been_enabled: 0 state: 0
2026-08-28 08:38:19.431: [INFO] RecordSyncInitDuration has_sync_been_enabled: 0 state: 0
2026-08-28 08:38:19.432: [INFO] RecordSyncInitDuration has_sync_been_enabled: 0 state: 0
2026-08-28 08:38:19.433: [INFO] RecordSyncInitDuration has_sync_been_enabled: 0 state: 0
2026-08-28 08:38:19.433: [INFO] RecordSyncInitDuration has_sync_been_enabled: 0 state: 0
2026-08-28 08:38:19.446: [INFO] OnDoneLoading sync enabled: 0
2026-08-28 08:38:19.446: [INFO] BookmarkModelLoaded, ids_reassigned: 0
2026-08-28 08:38:19.446: [INFO] BookmarksLoadDropped droppedNodes=0
2026-08-28 08:38:19.446: [INFO] BookmarksSnapshot Startup total=0 bar=0 other=0 mobile=0 showBar=0 showBarNTP=1
2026-08-28 08:38:19.448: [INFO] RecordSyncInitDuration has_sync_been_enabled: 0 state: 0
2026-08-28 08:38:19.648: [INFO] RecordSyncInitDuration has_sync_been_enabled: 0 state: 0
2026-08-28 08:38:19.653: [INFO] RecordSyncInitDuration has_sync_been_enabled: 0 state: 3
2026-08-28 08:38:19.662: [INFO] Primary account changed.
2026-08-28 08:38:19.662: [INFO] OnPrimaryAccountChanged PrimaryAccountChangeEvent::Type::kSet
2026-08-28 08:38:19.665: [INFO] RecordSyncInitDuration has_sync_been_enabled: 0 state: 3
2026-08-28 08:38:19.716: [INFO] RecordSyncInitDuration has_sync_been_enabled: 0 state: 3
2026-08-28 08:38:20.060: [INFO] RecordSyncInitDuration has_sync_been_enabled: 0 state: 3
2026-08-28 08:38:21.859: [INFO] Sync initialization duration: 1348ms
