{"logTime": "0828/123132", "correlationVector":"/C0Mp/VrkWhqRCefs+jkYO.1","action":"SyncServerConnectionManagerRequest", "result":"SYNC_SERVER_OK", "context":{"environment":"Prod_francecentral_prod-s01-062-eur-francecentral", "migrationStage":"NotStarted", "server":"akswtt11700005a"}}
{"logTime": "0828/123133", "correlationVector":"/C0Mp/VrkWhqRCefs+jkYO.2","action":"AAD.Mip.Unpack", "result":"Success", "context":MIP_CLOUD_COMMERCIAL:Success}
{"logTime": "0828/123133", "correlationVector":"/C0Mp/VrkWhqRCefs+jkYO.3","action":"EncryptionKeysManager::SetEncryptionKeys:", "result":"Success", "context":Key names[5]:[CPhRYlTMXywJEQr/MuAaoPAOlbt0Y18YqeuNLame22kldoetUpZRmVe2LlBr/kjpZfcgnNWdSkAQm36VFWEHHA==][birbNIddk5jCRTqV9+ImkTxTOELvAcFdqPWNUjtajEFKpyDa1m1sfrKhPTAv9BRdMA6IuvMd1VkcqLFR4mjUKA==][+YxUUJS89DSW/7MAxU4psjJh/8xktiollV9HsnprvC46Myt4HYDIRxw4g80IN8oq97acCOXmfJmMLBqwxabGsw==][sc02gIEmMKJUQ8YvF0ofozQtJ/Gq216cXmZnc3DStnjukVY7eBlV6DaJiS81CcOX//Dfoyqp0K2PhNO9la55Xw==][9f/hJAFOUk0oLoIKgZkXf8O1mR3UZH0SLP5OVlO7WnLzVgzyafq8++Uhk7yTqtjKI7/tOFNwcVOjg4kcRkwz3w==]}
{"logTime": "0828/123133", "correlationVector":"/C0Mp/VrkWhqRCefs+jkYO.4","action":"AAD.GetKeyResponse", "result":"Success", "context":Keys=5.LastKeyStatus=Active. 2026-06-10 15:45:01 +02.State=None. Tags: Current_encryption_keys_tag = VQ3vv70OJ++/vULvv73vv71677+9Te+/ve+/ve+/vToP1LDvv71R77+9KdOp77+9SFrvv70l77+9, Updated_current_encryption_keys_tag = Empty. Emails: ["matteo.deregnaucourt@impact-gr.com"]}
{"logTime": "0828/123133", "correlationVector":"/C0Mp/VrkWhqRCefs+jkYO.5","action":"ProcessGetUpdates", "result":"Done", "context":{"dataType":"Encryption Keys", "deleted":"0", "process_failed_to_decrypt":"0", "process_pending_decryption":"0", "process_success":"1", "total":"1"}}
{"logTime": "0828/123133", "correlationVector":"/C0Mp/VrkWhqRCefs+jkYO","action":"Initial GetUpdates", "result":"", "context":Reason: NEW_CLIENT. cV=/C0Mp/VrkWhqRCefs+jkYO}
{"logTime": "0828/123133", "correlationVector":"/C0Mp/VrkWhqRCefs+jkYO.6","action":"GetUpdates Response", "result":"Success", "context":Received 1 update(s). cV=/C0Mp/VrkWhqRCefs+jkYO.0;server=akswtt11700005a;cloudType=Multitenant;environment=Prod_francecentral_prod-s01-062-eur-francecentral;migrationStage=NotStarted}
{"logTime": "0828/123133", "correlationVector":"SsgT4TnuLUVMiDVWkBdSn9","action":"Initial GetUpdates", "result":"", "context":Reason: NEW_CLIENT. cV=SsgT4TnuLUVMiDVWkBdSn9}
{"logTime": "0828/123133", "correlationVector":"SsgT4TnuLUVMiDVWkBdSn9.1","action":"SyncServerConnectionManagerRequest", "result":"SYNC_SERVER_OK", "context":{"environment":"Prod_francecentral_prod-s01-062-eur-francecentral", "migrationStage":"NotStarted", "server":"akswtt117000031"}}
{"logTime": "0828/123133", "correlationVector":"SsgT4TnuLUVMiDVWkBdSn9.2","action":"ProcessGetUpdates", "result":"Done", "context":{"dataType":"Passwords", "deleted":"0", "process_failed_to_decrypt":"0", "process_pending_decryption":"0", "process_success":"10", "total":"10"}}
{"logTime": "0828/123133", "correlationVector":"SsgT4TnuLUVMiDVWkBdSn9.3","action":"ProcessGetUpdates", "result":"Done", "context":{"dataType":"Device Info", "deleted":"0", "process_failed_to_decrypt":"0", "process_pending_decryption":"0", "process_success":"14", "total":"14"}}
{"logTime": "0828/123133", "correlationVector":"SsgT4TnuLUVMiDVWkBdSn9.4","action":"GetUpdates Response", "result":"Success", "context":Received 24 update(s). cV=SsgT4TnuLUVMiDVWkBdSn9.0;server=akswtt117000031;cloudType=Multitenant;environment=Prod_francecentral_prod-s01-062-eur-francecentral;migrationStage=NotStarted}
{"logTime": "0828/123133", "correlationVector":"pd0eUJJmsou5TIp+1oOGMG","action":"Initial GetUpdates", "result":"", "context":Reason: NEW_CLIENT. cV=pd0eUJJmsou5TIp+1oOGMG}
{"logTime": "0828/123133", "correlationVector":"pd0eUJJmsou5TIp+1oOGMG.1","action":"SyncServerConnectionManagerRequest", "result":"SYNC_SERVER_OK", "context":{"environment":"Prod_francecentral_prod-s01-062-eur-francecentral", "migrationStage":"NotStarted", "server":"akswtt117000003"}}
{"logTime": "0828/123133", "correlationVector":"pd0eUJJmsou5TIp+1oOGMG.2","action":"ProcessGetUpdates", "result":"Done", "context":{"dataType":"Bookmarks", "deleted":"0", "process_failed_to_decrypt":"0", "process_pending_decryption":"0", "process_success":"6", "total":"6"}}
{"logTime": "0828/123133", "correlationVector":"pd0eUJJmsou5TIp+1oOGMG.3","action":"ProcessGetUpdates", "result":"Done", "context":{"dataType":"Preferences", "deleted":"0", "process_failed_to_decrypt":"0", "process_pending_decryption":"0", "process_success":"62", "total":"62"}}
{"logTime": "0828/123133", "correlationVector":"pd0eUJJmsou5TIp+1oOGMG.4","action":"ProcessGetUpdates", "result":"Done", "context":{"dataType":"Autofill Profiles", "deleted":"0", "process_failed_to_decrypt":"0", "process_pending_decryption":"0", "process_success":"1", "total":"1"}}
{"logTime": "0828/123133", "correlationVector":"pd0eUJJmsou5TIp+1oOGMG.5","action":"ProcessGetUpdates", "result":"Done", "context":{"dataType":"Autofill", "deleted":"0", "process_failed_to_decrypt":"0", "process_pending_decryption":"0", "process_success":"57", "total":"57"}}
{"logTime": "0828/123133", "correlationVector":"pd0eUJJmsou5TIp+1oOGMG.6","action":"ProcessGetUpdates", "result":"Done", "context":{"dataType":"Sessions", "deleted":"0", "process_failed_to_decrypt":"0", "process_pending_decryption":"0", "process_success":"18", "total":"18"}}
{"logTime": "0828/123133", "correlationVector":"pd0eUJJmsou5TIp+1oOGMG.7","action":"ProcessGetUpdates", "result":"Done", "context":{"dataType":"Edge Hub App Usage", "deleted":"0", "process_failed_to_decrypt":"0", "process_pending_decryption":"0", "process_success":"35", "total":"35"}}
{"logTime": "0828/123133", "correlationVector":"pd0eUJJmsou5TIp+1oOGMG.8","action":"GetUpdates Response", "result":"Success", "context":Received 179 update(s). cV=pd0eUJJmsou5TIp+1oOGMG.0;server=akswtt117000003;cloudType=Multitenant;environment=Prod_francecentral_prod-s01-062-eur-francecentral;migrationStage=NotStarted}
{"logTime": "0828/123134", "correlationVector":"htdhx328VbZBJDXs+fiaAx","action":"Initial GetUpdates", "result":"", "context":Reason: NEW_CLIENT. cV=htdhx328VbZBJDXs+fiaAx}
{"logTime": "0828/123134", "correlationVector":"htdhx328VbZBJDXs+fiaAx.1","action":"SyncServerConnectionManagerRequest", "result":"SYNC_SERVER_OK", "context":{"environment":"Prod_westeurope_prod-s01-080-eur-westeurope", "migrationStage":"NotStarted", "server":"akswtt00400000c"}}
{"logTime": "0828/123134", "correlationVector":"htdhx328VbZBJDXs+fiaAx.2","action":"ProcessGetUpdates", "result":"Done", "context":{"dataType":"History", "deleted":"0", "process_failed_to_decrypt":"0", "process_pending_decryption":"0", "process_success":"201", "total":"201"}}
{"logTime": "0828/123134", "correlationVector":"htdhx328VbZBJDXs+fiaAx.3","action":"GetUpdates Response", "result":"Success", "context":Received 201 update(s). cV=htdhx328VbZBJDXs+fiaAx.0;server=akswtt00400000c;cloudType=Multitenant;environment=Prod_westeurope_prod-s01-080-eur-westeurope;migrationStage=NotStarted}
{"logTime": "0828/123134", "correlationVector":"nl8nbV080a2m1Q5WIbdC85","action":"Normal GetUpdate request", "result":"", "context":cV=nl8nbV080a2m1Q5WIbdC85
Nudged types: Sessions, Device Info, User Consents
Refresh requested types: Bookmarks, Preferences, Passwords, Autofill Profiles, Autofill, Extensions, Sessions, Extension settings, History Delete Directives, Device Info, User Consents, Send Tab To Self, Web Apps, History, Saved Tab Group, WebAuthn Credentials, Edge E Drop, Edge Hub App Usage, Edge Workspace, Encryption Keys}
{"logTime": "0828/123134", "correlationVector":"nl8nbV080a2m1Q5WIbdC85.1","action":"SyncServerConnectionManagerRequest", "result":"SYNC_SERVER_OK", "context":{"environment":"Prod_germanywestcentral_prod-s01-011-eur-germanywestcentral", "migrationStage":"NotStarted", "server":"akswtt103000012"}}
{"logTime": "0828/123134", "correlationVector":"nl8nbV080a2m1Q5WIbdC85.2","action":"GetUpdates Response", "result":"Success", "context":Received 0 update(s). cV=nl8nbV080a2m1Q5WIbdC85.0;server=akswtt103000012;cloudType=Multitenant;environment=Prod_germanywestcentral_prod-s01-011-eur-germanywestcentral;migrationStage=NotStarted}
{"logTime": "0828/123134", "correlationVector":"ug+IWSzBSo5hxoE+pTioRz","action":"DoCompareDataConsistency requsted types: ", "result":"Bookmarks, Preferences, Passwords, Extensions, Extension settings, History Delete Directives, Send Tab To Self, Web Apps, History, Saved Tab Group, WebAuthn Credentials, Edge E Drop, Edge Workspace, Encryption Keys"}
{"logTime": "0828/123134", "correlationVector":"ug+IWSzBSo5hxoE+pTioRz.0","action":"CompareDataConsistency result: ", "result":"Compare result: Encryption Keys is consistent. local entities count is: 1 local entities hash is: quqVqUSsIIlHIUOeQoawbo1egGg="}
{"logTime": "0828/123134", "correlationVector":"ug+IWSzBSo5hxoE+pTioRz.1","action":"CompareDataConsistency result: ", "result":"Compare result: Bookmarks is consistent. local entities count is: 0 local entities hash is: "}
{"logTime": "0828/123134", "correlationVector":"ug+IWSzBSo5hxoE+pTioRz.2","action":"CompareDataConsistency result: ", "result":"Compare result: Preferences is consistent. local entities count is: 62 local entities hash is: Tezf4i1kjmfuAf549RR5ifUps/0="}
{"logTime": "0828/123134", "correlationVector":"ug+IWSzBSo5hxoE+pTioRz.3","action":"CompareDataConsistency result: ", "result":"Compare result: Passwords is consistent. local entities count is: 10 local entities hash is: XySqvymTf5zalYdviiRG9bAhVj4="}
{"logTime": "0828/123134", "correlationVector":"ug+IWSzBSo5hxoE+pTioRz.4","action":"CompareDataConsistency result: ", "result":"Compare result: Extensions is consistent. local entities count is: 0 local entities hash is: "}
{"logTime": "0828/123134", "correlationVector":"ug+IWSzBSo5hxoE+pTioRz.5","action":"CompareDataConsistency result: ", "result":"Compare result: Extension settings is consistent. local entities count is: 0 local entities hash is: "}
{"logTime": "0828/123134", "correlationVector":"ug+IWSzBSo5hxoE+pTioRz.6","action":"CompareDataConsistency result: ", "result":"Compare result: History Delete Directives is consistent. local entities count is: 0 local entities hash is: "}
{"logTime": "0828/123134", "correlationVector":"ug+IWSzBSo5hxoE+pTioRz.7","action":"CompareDataConsistency result: ", "result":"Server did not send this Send Tab To Self local entities count is: 0 local entities hash is: "}
{"logTime": "0828/123134", "correlationVector":"ug+IWSzBSo5hxoE+pTioRz.8","action":"CompareDataConsistency result: ", "result":"Compare result: Web Apps is consistent. local entities count is: 0 local entities hash is: "}
{"logTime": "0828/123134", "correlationVector":"ug+IWSzBSo5hxoE+pTioRz.9","action":"CompareDataConsistency result: ", "result":"Server did not send this History local entities count is: 0 local entities hash is: "}
{"logTime": "0828/123134", "correlationVector":"ug+IWSzBSo5hxoE+pTioRz.10","action":"CompareDataConsistency result: ", "result":"Compare result: Saved Tab Group is consistent. local entities count is: 0 local entities hash is: "}
{"logTime": "0828/123134", "correlationVector":"ug+IWSzBSo5hxoE+pTioRz.11","action":"CompareDataConsistency result: ", "result":"Server did not send this WebAuthn Credentials local entities count is: 0 local entities hash is: "}
{"logTime": "0828/123134", "correlationVector":"ug+IWSzBSo5hxoE+pTioRz.12","action":"CompareDataConsistency result: ", "result":"Compare result: Edge E Drop is consistent. local entities count is: 0 local entities hash is: "}
{"logTime": "0828/123134", "correlationVector":"ug+IWSzBSo5hxoE+pTioRz.13","action":"CompareDataConsistency result: ", "result":"Server did not send this Edge Workspace local entities count is: 0 local entities hash is: "}
{"logTime": "0828/123134", "correlationVector":"LwUiaT7DUeTAT4q/zzzvAK","action":"Commit Request", "result":"", "context":Item count: 4
Contributing types: Sessions, Device Info, User Consents}
{"logTime": "0828/123134", "correlationVector":"LwUiaT7DUeTAT4q/zzzvAK.1","action":"SyncServerConnectionManagerRequest", "result":"SYNC_SERVER_OK", "context":{"environment":"Prod_francecentral_prod-s01-062-eur-francecentral", "migrationStage":"NotStarted", "server":"akswtt117000055"}}
{"logTime": "0828/123134", "correlationVector":"LwUiaT7DUeTAT4q/zzzvAK.2","action":"Commit Response", "result":"Success", "context":Result: Success. cV=LwUiaT7DUeTAT4q/zzzvAK.0;server=akswtt117000055;cloudType=Multitenant;environment=Prod_francecentral_prod-s01-062-eur-francecentral;migrationStage=NotStarted}
{"logTime": "0828/123134", "correlationVector":"","action":"DIAGNOSTIC_REQUEST|v1/diagnosticData/Diagnostic.SendCheckResult()|SUCCESS", "result":""}
{"logTime": "0828/123138", "correlationVector":"uDkf/2N6eiqpYiJlPPeiE5","action":"Commit Request", "result":"", "context":Item count: 1
Contributing types: Edge Hub App Usage}
{"logTime": "0828/123138", "correlationVector":"uDkf/2N6eiqpYiJlPPeiE5.1","action":"SyncServerConnectionManagerRequest", "result":"SYNC_SERVER_OK", "context":{"environment":"Prod_westeurope_prod-s01-080-eur-westeurope", "migrationStage":"NotStarted", "server":"akswtt00400001t"}}
{"logTime": "0828/123138", "correlationVector":"uDkf/2N6eiqpYiJlPPeiE5.2","action":"Commit Response", "result":"Success", "context":Result: Success. cV=uDkf/2N6eiqpYiJlPPeiE5.0;server=akswtt00400001t;cloudType=Multitenant;environment=Prod_westeurope_prod-s01-080-eur-westeurope;migrationStage=NotStarted}
{"logTime": "0828/123232", "correlationVector":"lxrUGLZGCV5TPFnM7iTBVA","action":"Commit Request", "result":"", "context":Item count: 16
Contributing types: Passwords, Sessions, History}
{"logTime": "0828/123232", "correlationVector":"lxrUGLZGCV5TPFnM7iTBVA.1","action":"SyncServerConnectionManagerRequest", "result":"SYNC_SERVER_OK", "context":{"environment":"Prod_germanywestcentral_prod-s01-011-eur-germanywestcentral", "migrationStage":"NotStarted", "server":"akswtt103000047"}}
{"logTime": "0828/123232", "correlationVector":"lxrUGLZGCV5TPFnM7iTBVA.2","action":"Commit Response", "result":"Success", "context":Result: Success. cV=lxrUGLZGCV5TPFnM7iTBVA.0;server=akswtt103000047;cloudType=Multitenant;environment=Prod_germanywestcentral_prod-s01-011-eur-germanywestcentral;migrationStage=NotStarted}
