{"logTime": "0828/083820", "correlationVector":"5do9w3hq3T/P4y1lMuOAM2.1","action":"SyncServerConnectionManagerRequest", "result":"SYNC_SERVER_OK", "context":{"environment":"Prod_francecentral_prod-s01-062-eur-francecentral", "migrationStage":"NotStarted", "server":"akswtt117000002"}}
{"logTime": "0828/083821", "correlationVector":"5do9w3hq3T/P4y1lMuOAM2.2","action":"AAD.Mip.Unpack", "result":"Success", "context":MIP_CLOUD_COMMERCIAL:Success}
{"logTime": "0828/083821", "correlationVector":"5do9w3hq3T/P4y1lMuOAM2.3","action":"EncryptionKeysManager::SetEncryptionKeys:", "result":"Success", "context":Key names[5]:[CPhRYlTMXywJEQr/MuAaoPAOlbt0Y18YqeuNLame22kldoetUpZRmVe2LlBr/kjpZfcgnNWdSkAQm36VFWEHHA==][birbNIddk5jCRTqV9+ImkTxTOELvAcFdqPWNUjtajEFKpyDa1m1sfrKhPTAv9BRdMA6IuvMd1VkcqLFR4mjUKA==][+YxUUJS89DSW/7MAxU4psjJh/8xktiollV9HsnprvC46Myt4HYDIRxw4g80IN8oq97acCOXmfJmMLBqwxabGsw==][sc02gIEmMKJUQ8YvF0ofozQtJ/Gq216cXmZnc3DStnjukVY7eBlV6DaJiS81CcOX//Dfoyqp0K2PhNO9la55Xw==][9f/hJAFOUk0oLoIKgZkXf8O1mR3UZH0SLP5OVlO7WnLzVgzyafq8++Uhk7yTqtjKI7/tOFNwcVOjg4kcRkwz3w==]}
{"logTime": "0828/083821", "correlationVector":"5do9w3hq3T/P4y1lMuOAM2.4","action":"AAD.GetKeyResponse", "result":"Success", "context":Keys=5.LastKeyStatus=Active. 2026-06-10 15:45:01 +02.State=None. Tags: Current_encryption_keys_tag = VQ3vv70OJ++/vULvv73vv71677+9Te+/ve+/ve+/vToP1LDvv71R77+9KdOp77+9SFrvv70l77+9, Updated_current_encryption_keys_tag = Empty. Emails: ["matteo.deregnaucourt@impact-gr.com"]}
{"logTime": "0828/083821", "correlationVector":"5do9w3hq3T/P4y1lMuOAM2.5","action":"ProcessGetUpdates", "result":"Done", "context":{"dataType":"Encryption Keys", "deleted":"0", "process_failed_to_decrypt":"0", "process_pending_decryption":"0", "process_success":"1", "total":"1"}}
{"logTime": "0828/083821", "correlationVector":"5do9w3hq3T/P4y1lMuOAM2","action":"Initial GetUpdates", "result":"", "context":Reason: NEW_CLIENT. cV=5do9w3hq3T/P4y1lMuOAM2}
{"logTime": "0828/083821", "correlationVector":"5do9w3hq3T/P4y1lMuOAM2.6","action":"GetUpdates Response", "result":"Success", "context":Received 1 update(s). cV=5do9w3hq3T/P4y1lMuOAM2.0;server=akswtt117000002;cloudType=Multitenant;environment=Prod_francecentral_prod-s01-062-eur-francecentral;migrationStage=NotStarted}
{"logTime": "0828/083821", "correlationVector":"ZnftKI0f99h+mp4bwQEk6o","action":"Initial GetUpdates", "result":"", "context":Reason: NEW_CLIENT. cV=ZnftKI0f99h+mp4bwQEk6o}
{"logTime": "0828/083821", "correlationVector":"ZnftKI0f99h+mp4bwQEk6o.1","action":"SyncServerConnectionManagerRequest", "result":"SYNC_SERVER_OK", "context":{"environment":"Prod_westeurope_prod-s01-079-eur-westeurope", "migrationStage":"NotStarted", "server":"akswtt00400001i"}}
{"logTime": "0828/083821", "correlationVector":"ZnftKI0f99h+mp4bwQEk6o.2","action":"ProcessGetUpdates", "result":"Done", "context":{"dataType":"Passwords", "deleted":"0", "process_failed_to_decrypt":"0", "process_pending_decryption":"0", "process_success":"10", "total":"10"}}
{"logTime": "0828/083821", "correlationVector":"ZnftKI0f99h+mp4bwQEk6o.3","action":"ProcessGetUpdates", "result":"Done", "context":{"dataType":"Device Info", "deleted":"0", "process_failed_to_decrypt":"0", "process_pending_decryption":"0", "process_success":"11", "total":"11"}}
{"logTime": "0828/083821", "correlationVector":"ZnftKI0f99h+mp4bwQEk6o.4","action":"GetUpdates Response", "result":"Success", "context":Received 21 update(s). cV=ZnftKI0f99h+mp4bwQEk6o.0;server=akswtt00400001i;cloudType=Multitenant;environment=Prod_westeurope_prod-s01-079-eur-westeurope;migrationStage=NotStarted}
{"logTime": "0828/083821", "correlationVector":"oJKi76E2mY4EJU/KLZFIsC","action":"Initial GetUpdates", "result":"", "context":Reason: NEW_CLIENT. cV=oJKi76E2mY4EJU/KLZFIsC}
{"logTime": "0828/083821", "correlationVector":"oJKi76E2mY4EJU/KLZFIsC.1","action":"SyncServerConnectionManagerRequest", "result":"SYNC_SERVER_OK", "context":{"environment":"Prod_francecentral_prod-s01-062-eur-francecentral", "migrationStage":"NotStarted", "server":"akswtt11700000n"}}
{"logTime": "0828/083821", "correlationVector":"oJKi76E2mY4EJU/KLZFIsC.2","action":"ProcessGetUpdates", "result":"Done", "context":{"dataType":"Bookmarks", "deleted":"0", "process_failed_to_decrypt":"0", "process_pending_decryption":"0", "process_success":"6", "total":"6"}}
{"logTime": "0828/083821", "correlationVector":"oJKi76E2mY4EJU/KLZFIsC.3","action":"ProcessGetUpdates", "result":"Done", "context":{"dataType":"Preferences", "deleted":"0", "process_failed_to_decrypt":"0", "process_pending_decryption":"0", "process_success":"62", "total":"62"}}
{"logTime": "0828/083821", "correlationVector":"oJKi76E2mY4EJU/KLZFIsC.4","action":"ProcessGetUpdates", "result":"Done", "context":{"dataType":"Autofill Profiles", "deleted":"0", "process_failed_to_decrypt":"0", "process_pending_decryption":"0", "process_success":"1", "total":"1"}}
{"logTime": "0828/083821", "correlationVector":"oJKi76E2mY4EJU/KLZFIsC.5","action":"ProcessGetUpdates", "result":"Done", "context":{"dataType":"Autofill", "deleted":"0", "process_failed_to_decrypt":"0", "process_pending_decryption":"0", "process_success":"57", "total":"57"}}
{"logTime": "0828/083821", "correlationVector":"oJKi76E2mY4EJU/KLZFIsC.6","action":"ProcessGetUpdates", "result":"Done", "context":{"dataType":"Sessions", "deleted":"0", "process_failed_to_decrypt":"0", "process_pending_decryption":"0", "process_success":"11", "total":"11"}}
{"logTime": "0828/083821", "correlationVector":"oJKi76E2mY4EJU/KLZFIsC.7","action":"ProcessGetUpdates", "result":"Done", "context":{"dataType":"Edge Hub App Usage", "deleted":"0", "process_failed_to_decrypt":"0", "process_pending_decryption":"0", "process_success":"33", "total":"33"}}
{"logTime": "0828/083821", "correlationVector":"oJKi76E2mY4EJU/KLZFIsC.8","action":"GetUpdates Response", "result":"Success", "context":Received 170 update(s). cV=oJKi76E2mY4EJU/KLZFIsC.0;server=akswtt11700000n;cloudType=Multitenant;environment=Prod_francecentral_prod-s01-062-eur-francecentral;migrationStage=NotStarted}
{"logTime": "0828/083821", "correlationVector":"5phsPhe08wEQDG1hXu0pZf","action":"Initial GetUpdates", "result":"", "context":Reason: NEW_CLIENT. cV=5phsPhe08wEQDG1hXu0pZf}
{"logTime": "0828/083821", "correlationVector":"5phsPhe08wEQDG1hXu0pZf.1","action":"SyncServerConnectionManagerRequest", "result":"SYNC_SERVER_OK", "context":{"environment":"Prod_westeurope_prod-s01-079-eur-westeurope", "migrationStage":"NotStarted", "server":"akswtt004000006"}}
{"logTime": "0828/083821", "correlationVector":"5phsPhe08wEQDG1hXu0pZf.2","action":"ProcessGetUpdates", "result":"Done", "context":{"dataType":"History", "deleted":"0", "process_failed_to_decrypt":"0", "process_pending_decryption":"0", "process_success":"185", "total":"185"}}
{"logTime": "0828/083821", "correlationVector":"5phsPhe08wEQDG1hXu0pZf.3","action":"GetUpdates Response", "result":"Success", "context":Received 185 update(s). cV=5phsPhe08wEQDG1hXu0pZf.0;server=akswtt004000006;cloudType=Multitenant;environment=Prod_westeurope_prod-s01-079-eur-westeurope;migrationStage=NotStarted}
{"logTime": "0828/083821", "correlationVector":"LQi+nvGQbLZMqOml1yfrMG","action":"Normal GetUpdate request", "result":"", "context":cV=LQi+nvGQbLZMqOml1yfrMG
Nudged types: Sessions, Device Info, User Consents
Refresh requested types: Bookmarks, Preferences, Passwords, Autofill Profiles, Autofill, Extensions, Sessions, Extension settings, History Delete Directives, Device Info, User Consents, Send Tab To Self, Web Apps, History, Saved Tab Group, WebAuthn Credentials, Edge E Drop, Edge Hub App Usage, Edge Workspace, Encryption Keys}
{"logTime": "0828/083822", "correlationVector":"LQi+nvGQbLZMqOml1yfrMG.1","action":"SyncServerConnectionManagerRequest", "result":"SYNC_SERVER_OK", "context":{"environment":"Prod_francecentral_prod-s01-062-eur-francecentral", "migrationStage":"NotStarted", "server":"akswtt11700000e"}}
{"logTime": "0828/083822", "correlationVector":"LQi+nvGQbLZMqOml1yfrMG.2","action":"GetUpdates Response", "result":"Success", "context":Received 0 update(s). cV=LQi+nvGQbLZMqOml1yfrMG.0;server=akswtt11700000e;cloudType=Multitenant;environment=Prod_francecentral_prod-s01-062-eur-francecentral;migrationStage=NotStarted}
{"logTime": "0828/083822", "correlationVector":"Yuk2pu/RBFUYjgjS61/Mnt","action":"DoCompareDataConsistency requsted types: ", "result":"Bookmarks, Preferences, Passwords, Extensions, Extension settings, History Delete Directives, Send Tab To Self, Web Apps, History, Saved Tab Group, WebAuthn Credentials, Edge E Drop, Edge Workspace, Encryption Keys"}
{"logTime": "0828/083822", "correlationVector":"Yuk2pu/RBFUYjgjS61/Mnt.0","action":"CompareDataConsistency result: ", "result":"Compare result: Encryption Keys is consistent. local entities count is: 1 local entities hash is: quqVqUSsIIlHIUOeQoawbo1egGg="}
{"logTime": "0828/083822", "correlationVector":"Yuk2pu/RBFUYjgjS61/Mnt.1","action":"CompareDataConsistency result: ", "result":"Compare result: Bookmarks is consistent. local entities count is: 0 local entities hash is: "}
{"logTime": "0828/083822", "correlationVector":"Yuk2pu/RBFUYjgjS61/Mnt.2","action":"CompareDataConsistency result: ", "result":"Compare result: Preferences is consistent. local entities count is: 62 local entities hash is: Yl2Zb87vsKRCXr1sXyD1NkJFNfg="}
{"logTime": "0828/083822", "correlationVector":"Yuk2pu/RBFUYjgjS61/Mnt.3","action":"CompareDataConsistency result: ", "result":"Compare result: Passwords is consistent. local entities count is: 10 local entities hash is: qtP1+rQhlXGPTYcRHOkYyhblua0="}
{"logTime": "0828/083822", "correlationVector":"Yuk2pu/RBFUYjgjS61/Mnt.4","action":"CompareDataConsistency result: ", "result":"Compare result: Extensions is consistent. local entities count is: 0 local entities hash is: "}
{"logTime": "0828/083822", "correlationVector":"Yuk2pu/RBFUYjgjS61/Mnt.5","action":"CompareDataConsistency result: ", "result":"Compare result: Extension settings is consistent. local entities count is: 0 local entities hash is: "}
{"logTime": "0828/083822", "correlationVector":"Yuk2pu/RBFUYjgjS61/Mnt.6","action":"CompareDataConsistency result: ", "result":"Compare result: History Delete Directives is consistent. local entities count is: 0 local entities hash is: "}
{"logTime": "0828/083822", "correlationVector":"Yuk2pu/RBFUYjgjS61/Mnt.7","action":"CompareDataConsistency result: ", "result":"Server did not send this Send Tab To Self local entities count is: 0 local entities hash is: "}
{"logTime": "0828/083822", "correlationVector":"Yuk2pu/RBFUYjgjS61/Mnt.8","action":"CompareDataConsistency result: ", "result":"Compare result: Web Apps is consistent. local entities count is: 0 local entities hash is: "}
{"logTime": "0828/083822", "correlationVector":"Yuk2pu/RBFUYjgjS61/Mnt.9","action":"CompareDataConsistency result: ", "result":"Server did not send this History local entities count is: 0 local entities hash is: "}
{"logTime": "0828/083822", "correlationVector":"Yuk2pu/RBFUYjgjS61/Mnt.10","action":"CompareDataConsistency result: ", "result":"Compare result: Saved Tab Group is consistent. local entities count is: 0 local entities hash is: "}
{"logTime": "0828/083822", "correlationVector":"Yuk2pu/RBFUYjgjS61/Mnt.11","action":"CompareDataConsistency result: ", "result":"Server did not send this WebAuthn Credentials local entities count is: 0 local entities hash is: "}
{"logTime": "0828/083822", "correlationVector":"Yuk2pu/RBFUYjgjS61/Mnt.12","action":"CompareDataConsistency result: ", "result":"Compare result: Edge E Drop is consistent. local entities count is: 0 local entities hash is: "}
{"logTime": "0828/083822", "correlationVector":"Yuk2pu/RBFUYjgjS61/Mnt.13","action":"CompareDataConsistency result: ", "result":"Server did not send this Edge Workspace local entities count is: 0 local entities hash is: "}
{"logTime": "0828/083822", "correlationVector":"ZV5lCUbuUGpRMnZoBx8BNH","action":"Commit Request", "result":"", "context":Item count: 4
Contributing types: Sessions, Device Info, User Consents}
{"logTime": "0828/083822", "correlationVector":"ZV5lCUbuUGpRMnZoBx8BNH.1","action":"SyncServerConnectionManagerRequest", "result":"SYNC_SERVER_OK", "context":{"environment":"Prod_francecentral_prod-s01-062-eur-francecentral", "migrationStage":"NotStarted", "server":"akswtt11700000o"}}
{"logTime": "0828/083822", "correlationVector":"ZV5lCUbuUGpRMnZoBx8BNH.2","action":"Commit Response", "result":"Success", "context":Result: Success. cV=ZV5lCUbuUGpRMnZoBx8BNH.0;server=akswtt11700000o;cloudType=Multitenant;environment=Prod_francecentral_prod-s01-062-eur-francecentral;migrationStage=NotStarted}
{"logTime": "0828/083822", "correlationVector":"","action":"DIAGNOSTIC_REQUEST|v1/diagnosticData/Diagnostic.SendCheckResult()|SUCCESS", "result":""}
{"logTime": "0828/083828", "correlationVector":"oCM5bdC9ALHHoqz63isAVq","action":"Commit Request", "result":"", "context":Item count: 1
Contributing types: Edge Hub App Usage}
{"logTime": "0828/083828", "correlationVector":"oCM5bdC9ALHHoqz63isAVq.1","action":"SyncServerConnectionManagerRequest", "result":"SYNC_SERVER_OK", "context":{"environment":"Prod_francecentral_prod-s01-062-eur-francecentral", "migrationStage":"NotStarted", "server":"akswtt11700000o"}}
{"logTime": "0828/083828", "correlationVector":"oCM5bdC9ALHHoqz63isAVq.2","action":"Commit Response", "result":"Success", "context":Result: Success. cV=oCM5bdC9ALHHoqz63isAVq.0;server=akswtt11700000o;cloudType=Multitenant;environment=Prod_francecentral_prod-s01-062-eur-francecentral;migrationStage=NotStarted}
{"logTime": "0828/083919", "correlationVector":"juBcrFfQLD+ZrYa6uEt4fR","action":"Commit Request", "result":"", "context":Item count: 14
Contributing types: Passwords, Sessions, History}
{"logTime": "0828/083920", "correlationVector":"juBcrFfQLD+ZrYa6uEt4fR.1","action":"SyncServerConnectionManagerRequest", "result":"SYNC_SERVER_OK", "context":{"environment":"Prod_francecentral_prod-s01-062-eur-francecentral", "migrationStage":"NotStarted", "server":"akswtt11700000e"}}
{"logTime": "0828/083920", "correlationVector":"juBcrFfQLD+ZrYa6uEt4fR.2","action":"Commit Response", "result":"Success", "context":Result: Success. cV=juBcrFfQLD+ZrYa6uEt4fR.0;server=akswtt11700000e;cloudType=Multitenant;environment=Prod_francecentral_prod-s01-062-eur-francecentral;migrationStage=NotStarted}
